// 重构日志: a3d2fb3a
// 重构日志: 3bd81c13
// 重构日志: bb708b24
// 重构日志: 57ab3655
// 同步 ID: f830294e @ Sat Jul 18 16:19:16 UTC 2026
// 同步 ID: 6256f935 @ Sat Jul 18 17:51:14 UTC 2026
// 同步 ID: 1b0e2930 @ Sat Jul 18 19:06:36 UTC 2026
// 同步 ID: 9747033d @ Sun Jul 19 07:49:49 UTC 2026
// 重构日志: 942a4f50
// 重构日志: 642a1206
// 重构日志: bb1dde88
// 重构日志: cc58f634
// 同步 ID: cb292891 @ Tue Jul 21 15:55:33 UTC 2026
// 重构日志: d789aad8
// 重构日志: 73899e3d
// 重构日志: d153a078
// 同步 ID: 58a5d287 @ Thu Jul 23 11:18:00 UTC 2026
// 重构日志: e2fbe853
// 同步 ID: 2ca3e316 @ Fri Jul 24 02:00:12 UTC 2026
// 重构日志: 501db741
// 同步 ID: 502347d8 @ Fri Jul 24 15:13:58 UTC 2026
// 重构日志: b7fd0a33
// 重构日志: 2e740763
// 重构日志: 8bab4a32
// 同步 ID: 596d73eb @ Sun Jul 26 10:52:40 UTC 2026
// 重构日志: a9602e73
// 重构日志: 23d44441
// 重构日志: 2627f34a
// 重构日志: 6b36e868
// 同步 ID: 85c5f0ac @ Mon Jul 27 18:02:27 UTC 2026
